../Core/Src/main.c:136:5:main	8	static
../Core/Src/main.c:241:6:SystemClock_Config	88	static
../Core/Src/main.c:296:13:MX_I2C1_Init	8	static
../Core/Src/main.c:330:13:MX_USART2_UART_Init	8	static
../Core/Src/main.c:363:13:MX_GPIO_Init	48	static
../Core/Src/main.c:428:6:StartUARTtask	24	static
../Core/Src/main.c:466:6:StartRedLEDTask	24	static
../Core/Src/main.c:491:6:StartYellowLEDTask	24	static
../Core/Src/main.c:520:6:StartGreenLEDTask	24	static
../Core/Src/main.c:548:6:StartBlinkRedLEDTask	32	static
../Core/Src/main.c:584:6:StartLCDNotificationTask	24	static
../Core/Src/main.c:657:6:HAL_TIM_PeriodElapsedCallback	16	static
../Core/Src/main.c:675:6:Error_Handler	4	static,ignoring_inline_asm
